<?xml version="1.0" encoding="UTF-8" standalone="no"?>
<!DOCTYPE log SYSTEM "logger.dtd">
<log>
<record>
  <date>2025-06-09T11:52:24.477332500Z</date>
  <millis>1749469944477</millis>
  <nanos>332500</nanos>
  <sequence>0</sequence>
  <logger>org.uma.jmetal.util.JMetalLogger</logger>
  <level>INFO</level>
  <class>org.uma.jmetal.util.JMetalLogger</class>
  <method>configureLoggers</method>
  <thread>1</thread>
  <message>Loggers configured with null</message>
</record>
<record>
  <date>2025-06-09T11:52:24.516546900Z</date>
  <millis>1749469944516</millis>
  <nanos>546900</nanos>
  <sequence>1</sequence>
  <logger>org.uma.jmetal.util.JMetalLogger</logger>
  <level>INFO</level>
  <class>org.uma.jmetal.util.evaluator.impl.MultithreadedSolutionListEvaluator</class>
  <method>&lt;init&gt;</method>
  <thread>1</thread>
  <message>Number of cores: 4</message>
</record>
<record>
  <date>2025-06-09T11:52:24.638226400Z</date>
  <millis>1749469944638</millis>
  <nanos>226400</nanos>
  <sequence>2</sequence>
  <logger>org.uma.jmetal.util.JMetalLogger</logger>
  <level>INFO</level>
  <class>org.uma.jmetal.util.evaluator.impl.MultithreadedSolutionListEvaluator</class>
  <method>&lt;init&gt;</method>
  <thread>1</thread>
  <message>Number of cores: 4</message>
</record>
<record>
  <date>2025-06-09T11:52:24.714380200Z</date>
  <millis>1749469944714</millis>
  <nanos>380200</nanos>
  <sequence>3</sequence>
  <logger>org.uma.jmetal.util.JMetalLogger</logger>
  <level>INFO</level>
  <class>org.uma.jmetal.util.evaluator.impl.MultithreadedSolutionListEvaluator</class>
  <method>&lt;init&gt;</method>
  <thread>1</thread>
  <message>Number of cores: 4</message>
</record>
<record>
  <date>2025-06-09T11:52:24.759566800Z</date>
  <millis>1749469944759</millis>
  <nanos>566800</nanos>
  <sequence>4</sequence>
  <logger>org.uma.jmetal.util.JMetalLogger</logger>
  <level>INFO</level>
  <class>org.uma.jmetal.util.evaluator.impl.MultithreadedSolutionListEvaluator</class>
  <method>&lt;init&gt;</method>
  <thread>1</thread>
  <message>Number of cores: 4</message>
</record>
<record>
  <date>2025-06-09T11:52:24.827639400Z</date>
  <millis>1749469944827</millis>
  <nanos>639400</nanos>
  <sequence>5</sequence>
  <logger>org.uma.jmetal.util.JMetalLogger</logger>
  <level>INFO</level>
  <class>org.uma.jmetal.util.evaluator.impl.MultithreadedSolutionListEvaluator</class>
  <method>&lt;init&gt;</method>
  <thread>1</thread>
  <message>Number of cores: 4</message>
</record>
<record>
  <date>2025-06-09T11:52:25.475742700Z</date>
  <millis>1749469945475</millis>
  <nanos>742700</nanos>
  <sequence>6</sequence>
  <logger>org.uma.jmetal.util.JMetalLogger</logger>
  <level>INFO</level>
  <class>org.uma.jmetal.util.evaluator.impl.MultithreadedSolutionListEvaluator</class>
  <method>&lt;init&gt;</method>
  <thread>1</thread>
  <message>Number of cores: 4</message>
</record>
<record>
  <date>2025-06-09T11:52:25.542603600Z</date>
  <millis>1749469945542</millis>
  <nanos>603600</nanos>
  <sequence>7</sequence>
  <logger>org.uma.jmetal.util.JMetalLogger</logger>
  <level>INFO</level>
  <class>org.uma.jmetal.util.evaluator.impl.MultithreadedSolutionListEvaluator</class>
  <method>&lt;init&gt;</method>
  <thread>1</thread>
  <message>Number of cores: 4</message>
</record>
<record>
  <date>2025-06-09T11:52:25.598219200Z</date>
  <millis>1749469945598</millis>
  <nanos>219200</nanos>
  <sequence>8</sequence>
  <logger>org.uma.jmetal.util.JMetalLogger</logger>
  <level>INFO</level>
  <class>org.uma.jmetal.util.evaluator.impl.MultithreadedSolutionListEvaluator</class>
  <method>&lt;init&gt;</method>
  <thread>1</thread>
  <message>Number of cores: 4</message>
</record>
<record>
  <date>2025-06-09T11:52:25.661501500Z</date>
  <millis>1749469945661</millis>
  <nanos>501500</nanos>
  <sequence>9</sequence>
  <logger>org.uma.jmetal.util.JMetalLogger</logger>
  <level>INFO</level>
  <class>org.uma.jmetal.util.evaluator.impl.MultithreadedSolutionListEvaluator</class>
  <method>&lt;init&gt;</method>
  <thread>1</thread>
  <message>Number of cores: 4</message>
</record>
<record>
  <date>2025-06-09T11:52:25.727811200Z</date>
  <millis>1749469945727</millis>
  <nanos>811200</nanos>
  <sequence>10</sequence>
  <logger>org.uma.jmetal.util.JMetalLogger</logger>
  <level>INFO</level>
  <class>org.uma.jmetal.util.evaluator.impl.MultithreadedSolutionListEvaluator</class>
  <method>&lt;init&gt;</method>
  <thread>1</thread>
  <message>Number of cores: 4</message>
</record>
<record>
  <date>2025-06-09T11:52:32.565248Z</date>
  <millis>1749469952565</millis>
  <nanos>248000</nanos>
  <sequence>11</sequence>
  <logger>org.uma.jmetal.util.JMetalLogger</logger>
  <level>INFO</level>
  <class>org.uma.jmetal.util.evaluator.impl.MultithreadedSolutionListEvaluator</class>
  <method>&lt;init&gt;</method>
  <thread>1</thread>
  <message>Number of cores: 4</message>
</record>
<record>
  <date>2025-06-09T11:52:33.833827100Z</date>
  <millis>1749469953833</millis>
  <nanos>827100</nanos>
  <sequence>12</sequence>
  <logger>org.uma.jmetal.util.JMetalLogger</logger>
  <level>INFO</level>
  <class>org.uma.jmetal.util.evaluator.impl.MultithreadedSolutionListEvaluator</class>
  <method>&lt;init&gt;</method>
  <thread>1</thread>
  <message>Number of cores: 4</message>
</record>
<record>
  <date>2025-06-09T11:52:35.469387300Z</date>
  <millis>1749469955469</millis>
  <nanos>387300</nanos>
  <sequence>13</sequence>
  <logger>org.uma.jmetal.util.JMetalLogger</logger>
  <level>INFO</level>
  <class>org.uma.jmetal.util.evaluator.impl.MultithreadedSolutionListEvaluator</class>
  <method>&lt;init&gt;</method>
  <thread>1</thread>
  <message>Number of cores: 4</message>
</record>
<record>
  <date>2025-06-09T11:52:35.722305300Z</date>
  <millis>1749469955722</millis>
  <nanos>305300</nanos>
  <sequence>14</sequence>
  <logger>org.uma.jmetal.util.JMetalLogger</logger>
  <level>INFO</level>
  <class>org.uma.jmetal.util.evaluator.impl.MultithreadedSolutionListEvaluator</class>
  <method>&lt;init&gt;</method>
  <thread>1</thread>
  <message>Number of cores: 4</message>
</record>
<record>
  <date>2025-06-09T11:52:36.809889200Z</date>
  <millis>1749469956809</millis>
  <nanos>889200</nanos>
  <sequence>15</sequence>
  <logger>org.uma.jmetal.util.JMetalLogger</logger>
  <level>INFO</level>
  <class>org.uma.jmetal.util.evaluator.impl.MultithreadedSolutionListEvaluator</class>
  <method>&lt;init&gt;</method>
  <thread>1</thread>
  <message>Number of cores: 4</message>
</record>
<record>
  <date>2025-06-09T11:52:37.470707900Z</date>
  <millis>1749469957470</millis>
  <nanos>707900</nanos>
  <sequence>16</sequence>
  <logger>org.uma.jmetal.util.JMetalLogger</logger>
  <level>INFO</level>
  <class>org.uma.jmetal.util.evaluator.impl.MultithreadedSolutionListEvaluator</class>
  <method>&lt;init&gt;</method>
  <thread>1</thread>
  <message>Number of cores: 4</message>
</record>
<record>
  <date>2025-06-09T11:52:38.221405800Z</date>
  <millis>1749469958221</millis>
  <nanos>405800</nanos>
  <sequence>17</sequence>
  <logger>org.uma.jmetal.util.JMetalLogger</logger>
  <level>INFO</level>
  <class>org.uma.jmetal.util.evaluator.impl.MultithreadedSolutionListEvaluator</class>
  <method>&lt;init&gt;</method>
  <thread>1</thread>
  <message>Number of cores: 4</message>
</record>
<record>
  <date>2025-06-09T11:52:38.438400700Z</date>
  <millis>1749469958438</millis>
  <nanos>400700</nanos>
  <sequence>18</sequence>
  <logger>org.uma.jmetal.util.JMetalLogger</logger>
  <level>INFO</level>
  <class>org.uma.jmetal.util.evaluator.impl.MultithreadedSolutionListEvaluator</class>
  <method>&lt;init&gt;</method>
  <thread>1</thread>
  <message>Number of cores: 4</message>
</record>
<record>
  <date>2025-06-09T11:52:39.474144800Z</date>
  <millis>1749469959474</millis>
  <nanos>144800</nanos>
  <sequence>19</sequence>
  <logger>org.uma.jmetal.util.JMetalLogger</logger>
  <level>INFO</level>
  <class>org.uma.jmetal.util.evaluator.impl.MultithreadedSolutionListEvaluator</class>
  <method>&lt;init&gt;</method>
  <thread>1</thread>
  <message>Number of cores: 4</message>
</record>
<record>
  <date>2025-06-09T11:52:39.716743300Z</date>
  <millis>1749469959716</millis>
  <nanos>743300</nanos>
  <sequence>20</sequence>
  <logger>org.uma.jmetal.util.JMetalLogger</logger>
  <level>INFO</level>
  <class>org.uma.jmetal.util.evaluator.impl.MultithreadedSolutionListEvaluator</class>
  <method>&lt;init&gt;</method>
  <thread>1</thread>
  <message>Number of cores: 4</message>
</record>
<record>
  <date>2025-06-09T11:52:40.573836700Z</date>
  <millis>1749469960573</millis>
  <nanos>836700</nanos>
  <sequence>21</sequence>
  <logger>org.uma.jmetal.util.JMetalLogger</logger>
  <level>INFO</level>
  <class>org.uma.jmetal.util.evaluator.impl.MultithreadedSolutionListEvaluator</class>
  <method>&lt;init&gt;</method>
  <thread>1</thread>
  <message>Number of cores: 4</message>
</record>
<record>
  <date>2025-06-09T11:52:41.491360800Z</date>
  <millis>1749469961491</millis>
  <nanos>360800</nanos>
  <sequence>22</sequence>
  <logger>org.uma.jmetal.util.JMetalLogger</logger>
  <level>INFO</level>
  <class>org.uma.jmetal.util.evaluator.impl.MultithreadedSolutionListEvaluator</class>
  <method>&lt;init&gt;</method>
  <thread>1</thread>
  <message>Number of cores: 4</message>
</record>
<record>
  <date>2025-06-09T11:52:41.750961Z</date>
  <millis>1749469961750</millis>
  <nanos>961000</nanos>
  <sequence>23</sequence>
  <logger>org.uma.jmetal.util.JMetalLogger</logger>
  <level>INFO</level>
  <class>org.uma.jmetal.util.evaluator.impl.MultithreadedSolutionListEvaluator</class>
  <method>&lt;init&gt;</method>
  <thread>1</thread>
  <message>Number of cores: 4</message>
</record>
<record>
  <date>2025-06-09T11:52:42.492466100Z</date>
  <millis>1749469962492</millis>
  <nanos>466100</nanos>
  <sequence>24</sequence>
  <logger>org.uma.jmetal.util.JMetalLogger</logger>
  <level>INFO</level>
  <class>org.uma.jmetal.util.evaluator.impl.MultithreadedSolutionListEvaluator</class>
  <method>&lt;init&gt;</method>
  <thread>1</thread>
  <message>Number of cores: 4</message>
</record>
<record>
  <date>2025-06-09T11:52:43.209706100Z</date>
  <millis>1749469963209</millis>
  <nanos>706100</nanos>
  <sequence>25</sequence>
  <logger>org.uma.jmetal.util.JMetalLogger</logger>
  <level>INFO</level>
  <class>org.uma.jmetal.util.evaluator.impl.MultithreadedSolutionListEvaluator</class>
  <method>&lt;init&gt;</method>
  <thread>1</thread>
  <message>Number of cores: 4</message>
</record>
<record>
  <date>2025-06-09T11:52:43.251816Z</date>
  <millis>1749469963251</millis>
  <nanos>816000</nanos>
  <sequence>26</sequence>
  <logger>org.uma.jmetal.util.JMetalLogger</logger>
  <level>INFO</level>
  <class>org.uma.jmetal.util.evaluator.impl.MultithreadedSolutionListEvaluator</class>
  <method>&lt;init&gt;</method>
  <thread>1</thread>
  <message>Number of cores: 4</message>
</record>
<record>
  <date>2025-06-09T11:52:43.284193300Z</date>
  <millis>1749469963284</millis>
  <nanos>193300</nanos>
  <sequence>27</sequence>
  <logger>org.uma.jmetal.util.JMetalLogger</logger>
  <level>INFO</level>
  <class>org.uma.jmetal.util.evaluator.impl.MultithreadedSolutionListEvaluator</class>
  <method>&lt;init&gt;</method>
  <thread>1</thread>
  <message>Number of cores: 4</message>
</record>
<record>
  <date>2025-06-09T11:52:43.568100300Z</date>
  <millis>1749469963568</millis>
  <nanos>100300</nanos>
  <sequence>28</sequence>
  <logger>org.uma.jmetal.util.JMetalLogger</logger>
  <level>INFO</level>
  <class>org.uma.jmetal.util.evaluator.impl.MultithreadedSolutionListEvaluator</class>
  <method>&lt;init&gt;</method>
  <thread>1</thread>
  <message>Number of cores: 4</message>
</record>
<record>
  <date>2025-06-09T11:52:44.309911400Z</date>
  <millis>1749469964309</millis>
  <nanos>911400</nanos>
  <sequence>29</sequence>
  <logger>org.uma.jmetal.util.JMetalLogger</logger>
  <level>INFO</level>
  <class>org.uma.jmetal.util.evaluator.impl.MultithreadedSolutionListEvaluator</class>
  <method>&lt;init&gt;</method>
  <thread>1</thread>
  <message>Number of cores: 4</message>
</record>
<record>
  <date>2025-06-09T11:52:44.344528Z</date>
  <millis>1749469964344</millis>
  <nanos>528000</nanos>
  <sequence>30</sequence>
  <logger>org.uma.jmetal.util.JMetalLogger</logger>
  <level>INFO</level>
  <class>org.uma.jmetal.util.evaluator.impl.MultithreadedSolutionListEvaluator</class>
  <method>&lt;init&gt;</method>
  <thread>1</thread>
  <message>Number of cores: 4</message>
</record>
<record>
  <date>2025-06-09T11:52:45.420772600Z</date>
  <millis>1749469965420</millis>
  <nanos>772600</nanos>
  <sequence>31</sequence>
  <logger>org.uma.jmetal.util.JMetalLogger</logger>
  <level>INFO</level>
  <class>org.uma.jmetal.util.evaluator.impl.MultithreadedSolutionListEvaluator</class>
  <method>&lt;init&gt;</method>
  <thread>1</thread>
  <message>Number of cores: 4</message>
</record>
<record>
  <date>2025-06-09T11:52:45.670997200Z</date>
  <millis>1749469965670</millis>
  <nanos>997200</nanos>
  <sequence>32</sequence>
  <logger>org.uma.jmetal.util.JMetalLogger</logger>
  <level>INFO</level>
  <class>org.uma.jmetal.util.evaluator.impl.MultithreadedSolutionListEvaluator</class>
  <method>&lt;init&gt;</method>
  <thread>1</thread>
  <message>Number of cores: 4</message>
</record>
<record>
  <date>2025-06-09T11:52:47.158967400Z</date>
  <millis>1749469967158</millis>
  <nanos>967400</nanos>
  <sequence>33</sequence>
  <logger>org.uma.jmetal.util.JMetalLogger</logger>
  <level>INFO</level>
  <class>org.uma.jmetal.util.evaluator.impl.MultithreadedSolutionListEvaluator</class>
  <method>&lt;init&gt;</method>
  <thread>1</thread>
  <message>Number of cores: 4</message>
</record>
<record>
  <date>2025-06-09T11:52:47.461719700Z</date>
  <millis>1749469967461</millis>
  <nanos>719700</nanos>
  <sequence>34</sequence>
  <logger>org.uma.jmetal.util.JMetalLogger</logger>
  <level>INFO</level>
  <class>org.uma.jmetal.util.evaluator.impl.MultithreadedSolutionListEvaluator</class>
  <method>&lt;init&gt;</method>
  <thread>1</thread>
  <message>Number of cores: 4</message>
</record>
<record>
  <date>2025-06-09T11:52:47.753767700Z</date>
  <millis>1749469967753</millis>
  <nanos>767700</nanos>
  <sequence>35</sequence>
  <logger>org.uma.jmetal.util.JMetalLogger</logger>
  <level>INFO</level>
  <class>org.uma.jmetal.util.evaluator.impl.MultithreadedSolutionListEvaluator</class>
  <method>&lt;init&gt;</method>
  <thread>1</thread>
  <message>Number of cores: 4</message>
</record>
</log>
